// Jest Snapshot v1, https://goo.gl/fbAQLP

exports[`TimerList render renders default state 1`] = `
<div>
  <SuperTimer />
</div>
`;

exports[`TimerList render renders timers state 1`] = `
<div>
  <Timer
    timer={
      Object {
        "active": false,
        "complete": false,
        "duration": "00:00:01",
        "durationInSeconds": 1,
        "id": "test",
        "name": "test",
        "timeToStart": "00:00:01",
        "timeToStartInSeconds": 1,
      }
    }
  />
  <SuperTimer />
</div>
`;
