// Jest Snapshot v1, https://goo.gl/fbAQLP

exports[`Timer renders 1`] = `
<div
  className="MuiPaper-root-2 MuiPaper-elevation1-5 MuiPaper-rounded-3 MuiCard-root-1"
>
  <div
    className="MuiCardContent-root-29"
  >
    <p
      className="MuiTypography-root-30 MuiTypography-body1-39 MuiTypography-colorTextSecondary-63 MuiTypography-gutterBottom-57"
    >
      Timer
    </p>
    <p
      className="MuiTypography-root-30 MuiTypography-body1-39"
    >
      
    </p>
    <p>
      
      , Time to start: 
      
    </p>
  </div>
  <div>
    <div
      className="MuiCardActions-root-65"
    >
      <button
        className="MuiButtonBase-root-93 MuiButton-root-67 MuiButton-text-69 MuiButton-flat-72 MuiCardActions-action-66"
        disabled={false}
        onBlur={[Function]}
        onClick={[Function]}
        onFocus={[Function]}
        onKeyDown={[Function]}
        onKeyUp={[Function]}
        onMouseDown={[Function]}
        onMouseLeave={[Function]}
        onMouseUp={[Function]}
        onTouchEnd={[Function]}
        onTouchMove={[Function]}
        onTouchStart={[Function]}
        tabIndex="0"
        type="button"
      >
        <span
          className="MuiButton-label-68"
        >
          Delete 
          <svg
            aria-hidden="true"
            className="MuiSvgIcon-root-96"
            focusable="false"
            role="presentation"
            viewBox="0 0 24 24"
          >
            <path
              d="M6 19c0 1.1.9 2 2 2h8c1.1 0 2-.9 2-2V7H6v12zM19 4h-3.5l-1-1h-5l-1 1H5v2h14V4z"
            />
            <path
              d="M0 0h24v24H0z"
              fill="none"
            />
          </svg>
        </span>
        <span
          className="MuiTouchRipple-root-105"
        />
      </button>
    </div>
  </div>
</div>
`;
