// Jest Snapshot v1, https://goo.gl/fbAQLP

exports[`TimerCreator renders 1`] = `
<div>
  <TimeField
    onChange={[Function]}
    value="00:00:00"
  />
  <button
    className="MuiButtonBase-root-27 MuiButton-root-1 MuiButton-text-3 MuiButton-flat-6"
    disabled={false}
    onBlur={[Function]}
    onClick={[Function]}
    onFocus={[Function]}
    onKeyDown={[Function]}
    onKeyUp={[Function]}
    onMouseDown={[Function]}
    onMouseLeave={[Function]}
    onMouseUp={[Function]}
    onTouchEnd={[Function]}
    onTouchMove={[Function]}
    onTouchStart={[Function]}
    tabIndex="0"
    type="submit"
  >
    <span
      className="MuiButton-label-2"
    >
      Create timer
    </span>
    <span
      className="MuiTouchRipple-root-30"
    />
  </button>
</div>
`;
